// Jest Snapshot v1, https://goo.gl/fbAQLP

exports[`Renders correctly 1`] = `
<div
  className="container"
>
  <h2>
    Sorry, we could not find the page you are looking for.
  </h2>
</div>
`;
